// Jest Snapshot v1, https://goo.gl/fbAQLP

exports[`should wrapper render correct 1`] = `
"<span>
  Loading...
</span>"
`;
