// Jest Snapshot v1, https://goo.gl/fbAQLP

exports[`Input behavior tests should render correct 1`] = `"<input type=\\"text\\" className=\\"input\\" onChange={[Function: onChange]} />"`;
