// Jest Snapshot v1, https://goo.gl/fbAQLP

exports[`should render correct 1`] = `
"<div className=\\"header\\">
  <Wrapper className=\\"headerWrapper\\">
    <MyComponent />
    <Connect(SearchBar) />
  </Wrapper>
</div>"
`;
