// Jest Snapshot v1, https://goo.gl/fbAQLP

exports[`should render correct 1`] = `
"<Movies movies={{...}}>
  <Movie image=\\"https://image.tmdb.org/t/p/w500/3kcEGnYBHDeqmdYf8ZRbKdfmlUy.jpg\\" title=\\"Fifty Shades Freed\\" genres={{...}} releaseDate=\\"2018-02-07\\">
    <div className=\\"movieItem\\">
      <img className=\\"poster\\" src=\\"https://image.tmdb.org/t/p/w500/3kcEGnYBHDeqmdYf8ZRbKdfmlUy.jpg\\" alt=\\"\\" />
      <div className=\\"movieInfo\\">
        <div>
          <span className=\\"movieTitle\\">
            Fifty Shades Freed
          </span>
          <span className=\\"movieGenres\\">
            Drama
          </span>
          <span className=\\"movieGenres\\">
            Romance
          </span>
        </div>
        <span className=\\"releaseDate\\">
          2018-02-07
        </span>
      </div>
    </div>
  </Movie>
  <Movie image=\\"https://image.tmdb.org/t/p/w500/sM33SANp9z6rXW8Itn7NnG1GOEs.jpg\\" title=\\"Zootopia\\" genres={{...}} releaseDate=\\"2016-02-11\\">
    <div className=\\"movieItem\\">
      <img className=\\"poster\\" src=\\"https://image.tmdb.org/t/p/w500/sM33SANp9z6rXW8Itn7NnG1GOEs.jpg\\" alt=\\"\\" />
      <div className=\\"movieInfo\\">
        <div>
          <span className=\\"movieTitle\\">
            Zootopia
          </span>
          <span className=\\"movieGenres\\">
            Animation
          </span>
          <span className=\\"movieGenres\\">
            Adventure
          </span>
          <span className=\\"movieGenres\\">
            Family
          </span>
          <span className=\\"movieGenres\\">
            Comedy
          </span>
        </div>
        <span className=\\"releaseDate\\">
          2016-02-11
        </span>
      </div>
    </div>
  </Movie>
</Movies>"
`;
