// Jest Snapshot v1, https://goo.gl/fbAQLP

exports[`App behavior tests should app render correct 1`] = `ShallowWrapper {}`;
